Archive member included to satisfy reference by file (symbol)

/Applications/Simplicity Studio.app/Contents/Eclipse/developer/toolchains/gnu_arm/7.2_2017q4/bin/../lib/gcc/arm-none-eabi/7.2.1/thumb/v7-m/libgcc.a(_aeabi_uldivmod.o)
                              ./emlib/em_usart.o (__aeabi_uldivmod)
/Applications/Simplicity Studio.app/Contents/Eclipse/developer/toolchains/gnu_arm/7.2_2017q4/bin/../lib/gcc/arm-none-eabi/7.2.1/thumb/v7-m/libgcc.a(_udivmoddi4.o)
                              /Applications/Simplicity Studio.app/Contents/Eclipse/developer/toolchains/gnu_arm/7.2_2017q4/bin/../lib/gcc/arm-none-eabi/7.2.1/thumb/v7-m/libgcc.a(_aeabi_uldivmod.o) (__udivmoddi4)
/Applications/Simplicity Studio.app/Contents/Eclipse/developer/toolchains/gnu_arm/7.2_2017q4/bin/../lib/gcc/arm-none-eabi/7.2.1/thumb/v7-m/libgcc.a(_dvmd_tls.o)
                              /Applications/Simplicity Studio.app/Contents/Eclipse/developer/toolchains/gnu_arm/7.2_2017q4/bin/../lib/gcc/arm-none-eabi/7.2.1/thumb/v7-m/libgcc.a(_aeabi_uldivmod.o) (__aeabi_ldiv0)
/Applications/Simplicity Studio.app/Contents/Eclipse/developer/toolchains/gnu_arm/7.2_2017q4/bin/../lib/gcc/arm-none-eabi/7.2.1/../../../../arm-none-eabi/lib/thumb/v7-m/libc_nano.a(lib_a-exit.o)
                              /Applications/Simplicity Studio.app/Contents/Eclipse/developer/toolchains/gnu_arm/7.2_2017q4/bin/../lib/gcc/arm-none-eabi/7.2.1/../../../../arm-none-eabi/lib/thumb/v7-m/crt0.o (exit)
/Applications/Simplicity Studio.app/Contents/Eclipse/developer/toolchains/gnu_arm/7.2_2017q4/bin/../lib/gcc/arm-none-eabi/7.2.1/../../../../arm-none-eabi/lib/thumb/v7-m/libc_nano.a(lib_a-impure.o)
                              /Applications/Simplicity Studio.app/Contents/Eclipse/developer/toolchains/gnu_arm/7.2_2017q4/bin/../lib/gcc/arm-none-eabi/7.2.1/../../../../arm-none-eabi/lib/thumb/v7-m/libc_nano.a(lib_a-exit.o) (_global_impure_ptr)
/Applications/Simplicity Studio.app/Contents/Eclipse/developer/toolchains/gnu_arm/7.2_2017q4/bin/../lib/gcc/arm-none-eabi/7.2.1/../../../../arm-none-eabi/lib/thumb/v7-m/libc_nano.a(lib_a-init.o)
                              /Applications/Simplicity Studio.app/Contents/Eclipse/developer/toolchains/gnu_arm/7.2_2017q4/bin/../lib/gcc/arm-none-eabi/7.2.1/../../../../arm-none-eabi/lib/thumb/v7-m/crt0.o (__libc_init_array)
/Applications/Simplicity Studio.app/Contents/Eclipse/developer/toolchains/gnu_arm/7.2_2017q4/bin/../lib/gcc/arm-none-eabi/7.2.1/../../../../arm-none-eabi/lib/thumb/v7-m/libc_nano.a(lib_a-memset.o)
                              /Applications/Simplicity Studio.app/Contents/Eclipse/developer/toolchains/gnu_arm/7.2_2017q4/bin/../lib/gcc/arm-none-eabi/7.2.1/../../../../arm-none-eabi/lib/thumb/v7-m/crt0.o (memset)
/Applications/Simplicity Studio.app/Contents/Eclipse/developer/toolchains/gnu_arm/7.2_2017q4/bin/../lib/gcc/arm-none-eabi/7.2.1/../../../../arm-none-eabi/lib/thumb/v7-m/libnosys.a(_exit.o)
                              /Applications/Simplicity Studio.app/Contents/Eclipse/developer/toolchains/gnu_arm/7.2_2017q4/bin/../lib/gcc/arm-none-eabi/7.2.1/../../../../arm-none-eabi/lib/thumb/v7-m/libc_nano.a(lib_a-exit.o) (_exit)

Discarded input sections

 .text          0x0000000000000000        0x0 /Applications/Simplicity Studio.app/Contents/Eclipse/developer/toolchains/gnu_arm/7.2_2017q4/bin/../lib/gcc/arm-none-eabi/7.2.1/thumb/v7-m/crti.o
 .data          0x0000000000000000        0x0 /Applications/Simplicity Studio.app/Contents/Eclipse/developer/toolchains/gnu_arm/7.2_2017q4/bin/../lib/gcc/arm-none-eabi/7.2.1/thumb/v7-m/crti.o
 .bss           0x0000000000000000        0x0 /Applications/Simplicity Studio.app/Contents/Eclipse/developer/toolchains/gnu_arm/7.2_2017q4/bin/../lib/gcc/arm-none-eabi/7.2.1/thumb/v7-m/crti.o
 .data          0x0000000000000000        0x4 /Applications/Simplicity Studio.app/Contents/Eclipse/developer/toolchains/gnu_arm/7.2_2017q4/bin/../lib/gcc/arm-none-eabi/7.2.1/thumb/v7-m/crtbegin.o
 .data          0x0000000000000000        0x0 /Applications/Simplicity Studio.app/Contents/Eclipse/developer/toolchains/gnu_arm/7.2_2017q4/bin/../lib/gcc/arm-none-eabi/7.2.1/../../../../arm-none-eabi/lib/thumb/v7-m/crt0.o
 .bss           0x0000000000000000        0x0 /Applications/Simplicity Studio.app/Contents/Eclipse/developer/toolchains/gnu_arm/7.2_2017q4/bin/../lib/gcc/arm-none-eabi/7.2.1/../../../../arm-none-eabi/lib/thumb/v7-m/crt0.o
 .ARM.extab     0x0000000000000000        0x0 /Applications/Simplicity Studio.app/Contents/Eclipse/developer/toolchains/gnu_arm/7.2_2017q4/bin/../lib/gcc/arm-none-eabi/7.2.1/../../../../arm-none-eabi/lib/thumb/v7-m/crt0.o
 .data          0x0000000000000000        0x0 ./CMSIS/EFM32GG/startup_gcc_efm32gg.o
 .bss           0x0000000000000000        0x0 ./CMSIS/EFM32GG/startup_gcc_efm32gg.o
 .group         0x0000000000000000        0xc ./CMSIS/EFM32GG/system_efm32gg.o
 .group         0x0000000000000000        0xc ./CMSIS/EFM32GG/system_efm32gg.o
[...]
Memory Configuration

Name             Origin             Length             Attributes
FLASH            0x0000000000000000 0x0000000000100000 xr
RAM              0x0000000020000000 0x0000000000020000 xrw
*default*        0x0000000000000000 0xffffffffffffffff

Linker script and memory map

LOAD /Applications/Simplicity Studio.app/Contents/Eclipse/developer/toolchains/gnu_arm/7.2_2017q4/bin/../lib/gcc/arm-none-eabi/7.2.1/thumb/v7-m/crti.o
LOAD /Applications/Simplicity Studio.app/Contents/Eclipse/developer/toolchains/gnu_arm/7.2_2017q4/bin/../lib/gcc/arm-none-eabi/7.2.1/thumb/v7-m/crtbegin.o
LOAD /Applications/Simplicity Studio.app/Contents/Eclipse/developer/toolchains/gnu_arm/7.2_2017q4/bin/../lib/gcc/arm-none-eabi/7.2.1/../../../../arm-none-eabi/lib/thumb/v7-m/crt0.o
LOAD ./CMSIS/EFM32GG/startup_gcc_efm32gg.o
LOAD ./CMSIS/EFM32GG/system_efm32gg.o
LOAD ./emlib/em_cmu.o
LOAD ./emlib/em_core.o
LOAD ./emlib/em_emu.o
LOAD ./emlib/em_gpio.o
LOAD ./emlib/em_system.o
LOAD ./emlib/em_usart.o
LOAD ./src/main.o
LOAD ./src/motor_vezerles.o
START GROUP
LOAD /Applications/Simplicity Studio.app/Contents/Eclipse/developer/toolchains/gnu_arm/7.2_2017q4/bin/../lib/gcc/arm-none-eabi/7.2.1/thumb/v7-m/libgcc.a
LOAD /Applications/Simplicity Studio.app/Contents/Eclipse/developer/toolchains/gnu_arm/7.2_2017q4/bin/../lib/gcc/arm-none-eabi/7.2.1/../../../../arm-none-eabi/lib/thumb/v7-m/libc_nano.a
LOAD /Applications/Simplicity Studio.app/Contents/Eclipse/developer/toolchains/gnu_arm/7.2_2017q4/bin/../lib/gcc/arm-none-eabi/7.2.1/../../../../arm-none-eabi/lib/thumb/v7-m/libnosys.a
END GROUP
START GROUP
LOAD /Applications/Simplicity Studio.app/Contents/Eclipse/developer/toolchains/gnu_arm/7.2_2017q4/bin/../lib/gcc/arm-none-eabi/7.2.1/thumb/v7-m/libgcc.a
LOAD /Applications/Simplicity Studio.app/Contents/Eclipse/developer/toolchains/gnu_arm/7.2_2017q4/bin/../lib/gcc/arm-none-eabi/7.2.1/../../../../arm-none-eabi/lib/thumb/v7-m/libg_nano.a
LOAD /Applications/Simplicity Studio.app/Contents/Eclipse/developer/toolchains/gnu_arm/7.2_2017q4/bin/../lib/gcc/arm-none-eabi/7.2.1/../../../../arm-none-eabi/lib/thumb/v7-m/libc_nano.a
END GROUP
START GROUP
LOAD /Applications/Simplicity Studio.app/Contents/Eclipse/developer/toolchains/gnu_arm/7.2_2017q4/bin/../lib/gcc/arm-none-eabi/7.2.1/thumb/v7-m/libgcc.a
LOAD /Applications/Simplicity Studio.app/Contents/Eclipse/developer/toolchains/gnu_arm/7.2_2017q4/bin/../lib/gcc/arm-none-eabi/7.2.1/../../../../arm-none-eabi/lib/thumb/v7-m/libc_nano.a
END GROUP
LOAD /Applications/Simplicity Studio.app/Contents/Eclipse/developer/toolchains/gnu_arm/7.2_2017q4/bin/../lib/gcc/arm-none-eabi/7.2.1/thumb/v7-m/crtend.o
LOAD /Applications/Simplicity Studio.app/Contents/Eclipse/developer/toolchains/gnu_arm/7.2_2017q4/bin/../lib/gcc/arm-none-eabi/7.2.1/thumb/v7-m/crtn.o

.text           0x0000000000000000     0x1750
 *(.vectors)
 .vectors       0x0000000000000000       0xdc ./CMSIS/EFM32GG/startup_gcc_efm32gg.o
                0x0000000000000000                __Vectors
                0x00000000000000dc                __Vectors_End = .
                0x00000000000000dc                __Vectors_Size = (__Vectors_End - __Vectors)
                0x00000000000000dc                __end__ = .
 *(.text*)
 .text          0x00000000000000dc       0x40 /Applications/Simplicity Studio.app/Contents/Eclipse/developer/toolchains/gnu_arm/7.2_2017q4/bin/../lib/gcc/arm-none-eabi/7.2.1/thumb/v7-m/crtbegin.o
 .text          0x000000000000011c       0x74 /Applications/Simplicity Studio.app/Contents/Eclipse/developer/toolchains/gnu_arm/7.2_2017q4/bin/../lib/gcc/arm-none-eabi/7.2.1/../../../../arm-none-eabi/lib/thumb/v7-m/crt0.o
                0x000000000000011c                _mainCRTStartup
                0x000000000000011c                _start
 .text          0x0000000000000190       0x30 ./CMSIS/EFM32GG/startup_gcc_efm32gg.o
                0x0000000000000190                Reset_Handler
                0x00000000000001bc                DebugMon_Handler
                0x00000000000001bc                USART0_TX_IRQHandler
                0x00000000000001bc                I2C0_IRQHandler
                0x00000000000001bc                HardFault_Handler
                0x00000000000001bc                LEUART1_IRQHandler
                0x00000000000001bc                SysTick_Handler
                0x00000000000001bc                USART1_RX_IRQHandler
                0x00000000000001bc                PendSV_Handler
                0x00000000000001bc                NMI_Handler
                0x00000000000001bc                I2C1_IRQHandler
                0x00000000000001bc                TIMER3_IRQHandler
                0x00000000000001bc                USART1_TX_IRQHandler
                0x00000000000001bc                MSC_IRQHandler
                0x00000000000001bc                ADC0_IRQHandler
                0x00000000000001bc                UsageFault_Handler
                0x00000000000001bc                LEUART0_IRQHandler
                0x00000000000001bc                GPIO_EVEN_IRQHandler
                0x00000000000001bc                UART0_TX_IRQHandler
                0x00000000000001bc                UART1_TX_IRQHandler
                0x00000000000001bc                RTC_IRQHandler
                0x00000000000001bc                TIMER0_IRQHandler
                0x00000000000001bc                LCD_IRQHandler
                0x00000000000001bc                PCNT2_IRQHandler
                0x00000000000001bc                UART0_RX_IRQHandler
                0x00000000000001bc                LETIMER0_IRQHandler
                0x00000000000001bc                TIMER1_IRQHandler
                0x00000000000001bc                USART2_RX_IRQHandler
                0x00000000000001bc                Default_Handler
                0x00000000000001bc                EMU_IRQHandler
                0x00000000000001bc                PCNT0_IRQHandler
                0x00000000000001bc                sl_app_properties
                0x00000000000001bc                USB_IRQHandler
                0x00000000000001bc                BURTC_IRQHandler
                0x00000000000001bc                PCNT1_IRQHandler
                0x00000000000001bc                ACMP0_IRQHandler
                0x00000000000001bc                USART0_RX_IRQHandler
                0x00000000000001bc                MemManage_Handler
                0x00000000000001bc                SVC_Handler
                0x00000000000001bc                DAC0_IRQHandler
                0x00000000000001bc                UART1_RX_IRQHandler
                0x00000000000001bc                CMU_IRQHandler
                0x00000000000001bc                EBI_IRQHandler
                0x00000000000001bc                LESENSE_IRQHandler
                0x00000000000001bc                GPIO_ODD_IRQHandler
                0x00000000000001bc                AES_IRQHandler
                0x00000000000001bc                VCMP_IRQHandler
                0x00000000000001bc                DMA_IRQHandler
                0x00000000000001bc                BusFault_Handler
                0x00000000000001bc                TIMER2_IRQHandler
                0x00000000000001bc                USART2_TX_IRQHandler
 .text.GetProdRev
                0x00000000000001c0       0x18 ./CMSIS/EFM32GG/system_efm32gg.o
 .text.SystemCoreClockGet
                0x00000000000001d8       0x34 ./CMSIS/EFM32GG/system_efm32gg.o
                0x00000000000001d8                SystemCoreClockGet
 .text.SystemHFClockGet
                0x000000000000020c      0x100 ./CMSIS/EFM32GG/system_efm32gg.o
                0x000000000000020c                SystemHFClockGet
 .text.SystemInit
                0x000000000000030c       0x1c ./CMSIS/EFM32GG/system_efm32gg.o
                0x000000000000030c                SystemInit
 .text.SystemLFRCOClockGet
                0x0000000000000328       0x10 ./CMSIS/EFM32GG/system_efm32gg.o
                0x0000000000000328                SystemLFRCOClockGet
 .text.SystemULFRCOClockGet
                0x0000000000000338       0x10 ./CMSIS/EFM32GG/system_efm32gg.o
                0x0000000000000338                SystemULFRCOClockGet
 .text.SystemLFXOClockGet
                0x0000000000000348       0x14 ./CMSIS/EFM32GG/system_efm32gg.o
                0x0000000000000348                SystemLFXOClockGet
 .text.BUS_RegBitWrite
                0x000000000000035c       0x2c ./emlib/em_cmu.o
 .text.BUS_RegBitRead
                0x0000000000000388       0x28 ./emlib/em_cmu.o
 .text.SL_Log2ToDiv
                0x00000000000003b0       0x1a ./emlib/em_cmu.o
 .text.CMU_DivToLog2
                0x00000000000003ca       0x30 ./emlib/em_cmu.o
 *fill*         0x00000000000003fa        0x2 
 .text.SYSTEM_GetProdRev
                0x00000000000003fc       0x18 ./emlib/em_cmu.o
 .text.SYSTEM_GetFamily
                0x0000000000000414       0x18 ./emlib/em_cmu.o
 .text.maxFreqHfle
                0x000000000000042c       0x7c ./emlib/em_cmu.o
 .text.setHfLeConfig
                0x00000000000004a8       0x64 ./emlib/em_cmu.o
 .text.getHfLeConfig
                0x000000000000050c       0x20 ./emlib/em_cmu.o
 .text.auxClkGet
                0x000000000000052c       0xb0 ./emlib/em_cmu.o
 .text.dbgClkGet
                0x00000000000005dc       0x40 ./emlib/em_cmu.o
 .text.lfClkGet
                0x000000000000061c       0xec ./emlib/em_cmu.o
 .text.syncReg  0x0000000000000708       0x34 ./emlib/em_cmu.o
 .text.usbCClkGet
                0x000000000000073c       0x4c ./emlib/em_cmu.o
 .text.CMU_ClockDivGet
                0x0000000000000788      0x1a4 ./emlib/em_cmu.o
                0x0000000000000788                CMU_ClockDivGet
 .text.CMU_ClockEnable
                0x000000000000092c       0xc8 ./emlib/em_cmu.o
                0x000000000000092c                CMU_ClockEnable
 .text.CMU_ClockFreqGet
                0x00000000000009f4      0x200 ./emlib/em_cmu.o
                0x00000000000009f4                CMU_ClockFreqGet
 .text.CMU_ClockSelectGet
                0x0000000000000bf4      0x15c ./emlib/em_cmu.o
                0x0000000000000bf4                CMU_ClockSelectGet
 .text.GPIO_PinOutClear
                0x0000000000000d50       0x58 ./emlib/em_gpio.o
 .text.GPIO_PinOutSet
                0x0000000000000da8       0x58 ./emlib/em_gpio.o
 .text.GPIO_PinModeSet
                0x0000000000000e00      0x118 ./emlib/em_gpio.o
                0x0000000000000e00                GPIO_PinModeSet
 .text.SYSTEM_ChipRevisionGet
                0x0000000000000f18       0x78 ./emlib/em_system.o
                0x0000000000000f18                SYSTEM_ChipRevisionGet
 .text.prsRxInput
                0x0000000000000f90       0x24 ./emlib/em_usart.o
 .text.USART_BaudrateAsyncSet
                0x0000000000000fb4       0xb0 ./emlib/em_usart.o
                0x0000000000000fb4                USART_BaudrateAsyncSet
 .text.USART_Enable
                0x0000000000001064       0x70 ./emlib/em_usart.o
                0x0000000000001064                USART_Enable
 .text.USART_InitAsync
                0x00000000000010d4       0xc4 ./emlib/em_usart.o
                0x00000000000010d4                USART_InitAsync
 .text.USART_Reset
                0x0000000000001198       0xb0 ./emlib/em_usart.o
                0x0000000000001198                USART_Reset
 .text.USART_Rx
                0x0000000000001248       0x26 ./emlib/em_usart.o
                0x0000000000001248                USART_Rx
 *fill*         0x000000000000126e        0x2 
 .text.SYSTEM_GetProdRev
                0x0000000000001270       0x18 ./src/main.o
 .text.GPIO_PinOutClear
                0x0000000000001288       0x58 ./src/main.o
 .text.CHIP_Init
                0x00000000000012e0       0x48 ./src/main.o
 .text.main     0x0000000000001328      0x1fc ./src/main.o
                0x0000000000001328                main
 .text.GPIO_PinOutClear
                0x0000000000001524       0x58 ./src/motor_vezerles.o
 .text.GPIO_PinOutSet
                0x000000000000157c       0x58 ./src/motor_vezerles.o
 .text.setOut1  0x00000000000015d4       0x18 ./src/motor_vezerles.o
                0x00000000000015d4                setOut1
 .text.clearOut1
                0x00000000000015ec       0x18 ./src/motor_vezerles.o
                0x00000000000015ec                clearOut1
 .text.disableOut1
                0x0000000000001604       0x18 ./src/motor_vezerles.o
                0x0000000000001604                disableOut1
 .text.setOut2  0x000000000000161c       0x18 ./src/motor_vezerles.o
                0x000000000000161c                setOut2
 .text.clearOut2
                0x0000000000001634       0x18 ./src/motor_vezerles.o
                0x0000000000001634                clearOut2
 .text.setOut3  0x000000000000164c       0x18 ./src/motor_vezerles.o
                0x000000000000164c                setOut3
 .text.clearOut3
                0x0000000000001664       0x18 ./src/motor_vezerles.o
                0x0000000000001664                clearOut3
 .text.disableOut3
                0x000000000000167c       0x18 ./src/motor_vezerles.o
                0x000000000000167c                disableOut3
 .text.exit     0x0000000000001694       0x28 /Applications/Simplicity Studio.app/Contents/Eclipse/developer/toolchains/gnu_arm/7.2_2017q4/bin/../lib/gcc/arm-none-eabi/7.2.1/../../../../arm-none-eabi/lib/thumb/v7-m/libc_nano.a(lib_a-exit.o)
                0x0000000000001694                exit
 .text.__libc_init_array
                0x00000000000016bc       0x48 /Applications/Simplicity Studio.app/Contents/Eclipse/developer/toolchains/gnu_arm/7.2_2017q4/bin/../lib/gcc/arm-none-eabi/7.2.1/../../../../arm-none-eabi/lib/thumb/v7-m/libc_nano.a(lib_a-init.o)
                0x00000000000016bc                __libc_init_array
 .text.memset   0x0000000000001704       0x10 /Applications/Simplicity Studio.app/Contents/Eclipse/developer/toolchains/gnu_arm/7.2_2017q4/bin/../lib/gcc/arm-none-eabi/7.2.1/../../../../arm-none-eabi/lib/thumb/v7-m/libc_nano.a(lib_a-memset.o)
                0x0000000000001704                memset
 .text._exit    0x0000000000001714        0x4 /Applications/Simplicity Studio.app/Contents/Eclipse/developer/toolchains/gnu_arm/7.2_2017q4/bin/../lib/gcc/arm-none-eabi/7.2.1/../../../../arm-none-eabi/lib/thumb/v7-m/libnosys.a(_exit.o)
                0x0000000000001714                _exit
 *(.init)
 .init          0x0000000000001718        0x4 /Applications/Simplicity Studio.app/Contents/Eclipse/developer/toolchains/gnu_arm/7.2_2017q4/bin/../lib/gcc/arm-none-eabi/7.2.1/thumb/v7-m/crti.o
                0x0000000000001718                _init
 .init          0x000000000000171c        0x8 /Applications/Simplicity Studio.app/Contents/Eclipse/developer/toolchains/gnu_arm/7.2_2017q4/bin/../lib/gcc/arm-none-eabi/7.2.1/thumb/v7-m/crtn.o
 *(.fini)
 .fini          0x0000000000001724        0x4 /Applications/Simplicity Studio.app/Contents/Eclipse/developer/toolchains/gnu_arm/7.2_2017q4/bin/../lib/gcc/arm-none-eabi/7.2.1/thumb/v7-m/crti.o
                0x0000000000001724                _fini
 .fini          0x0000000000001728        0x8 /Applications/Simplicity Studio.app/Contents/Eclipse/developer/toolchains/gnu_arm/7.2_2017q4/bin/../lib/gcc/arm-none-eabi/7.2.1/thumb/v7-m/crtn.o
 *crtbegin.o(.ctors)
 *crtbegin?.o(.ctors)
 *(EXCLUDE_FILE(*crtend.o *crtend?.o) .ctors)
 *(SORT_BY_NAME(.ctors.*))
 *(.ctors)
 *crtbegin.o(.dtors)
 *crtbegin?.o(.dtors)
 *(EXCLUDE_FILE(*crtend.o *crtend?.o) .dtors)
 *(SORT_BY_NAME(.dtors.*))
 *(.dtors)
 *(.rodata*)
 .rodata        0x0000000000001730       0x18 ./src/main.o
 .rodata._global_impure_ptr
                0x0000000000001748        0x4 /Applications/Simplicity Studio.app/Contents/Eclipse/developer/toolchains/gnu_arm/7.2_2017q4/bin/../lib/gcc/arm-none-eabi/7.2.1/../../../../arm-none-eabi/lib/thumb/v7-m/libc_nano.a(lib_a-impure.o)
                0x0000000000001748                _global_impure_ptr
 *(.eh_frame*)
 .eh_frame      0x000000000000174c        0x0 /Applications/Simplicity Studio.app/Contents/Eclipse/developer/toolchains/gnu_arm/7.2_2017q4/bin/../lib/gcc/arm-none-eabi/7.2.1/thumb/v7-m/crtbegin.o
 .eh_frame      0x000000000000174c        0x4 /Applications/Simplicity Studio.app/Contents/Eclipse/developer/toolchains/gnu_arm/7.2_2017q4/bin/../lib/gcc/arm-none-eabi/7.2.1/thumb/v7-m/crtend.o

.glue_7         0x0000000000001750        0x0
 .glue_7        0x0000000000001750        0x0 linker stubs

.glue_7t        0x0000000000001750        0x0
 .glue_7t       0x0000000000001750        0x0 linker stubs

.vfp11_veneer   0x0000000000001750        0x0
 .vfp11_veneer  0x0000000000001750        0x0 linker stubs

.v4_bx          0x0000000000001750        0x0
 .v4_bx         0x0000000000001750        0x0 linker stubs

.iplt           0x0000000000001750        0x0
 .iplt          0x0000000000001750        0x0 /Applications/Simplicity Studio.app/Contents/Eclipse/developer/toolchains/gnu_arm/7.2_2017q4/bin/../lib/gcc/arm-none-eabi/7.2.1/thumb/v7-m/crtbegin.o

.ARM.extab
 *(.ARM.extab* .gnu.linkonce.armextab.*)
                0x0000000000001750                __exidx_start = .

.ARM.exidx      0x0000000000001750        0x8
 *(.ARM.exidx* .gnu.linkonce.armexidx.*)
 .ARM.exidx     0x0000000000001750        0x8 /Applications/Simplicity Studio.app/Contents/Eclipse/developer/toolchains/gnu_arm/7.2_2017q4/bin/../lib/gcc/arm-none-eabi/7.2.1/../../../../arm-none-eabi/lib/thumb/v7-m/crt0.o
                0x0000000000001758                __exidx_end = .
                0x0000000000001758                __etext = .

.rel.dyn        0x0000000000001758        0x0
 .rel.iplt      0x0000000000001758        0x0 /Applications/Simplicity Studio.app/Contents/Eclipse/developer/toolchains/gnu_arm/7.2_2017q4/bin/../lib/gcc/arm-none-eabi/7.2.1/thumb/v7-m/crtbegin.o

.data           0x0000000020000000       0x74 load address 0x0000000000001758
                0x0000000020000000                __data_start__ = .
 *(vtable)
 *(.data*)
 .data.SystemHFXOClock
                0x0000000020000000        0x4 ./CMSIS/EFM32GG/system_efm32gg.o
 .data.SystemLFXOClock
                0x0000000020000004        0x4 ./CMSIS/EFM32GG/system_efm32gg.o
 .data.SystemCoreClock
                0x0000000020000008        0x4 ./CMSIS/EFM32GG/system_efm32gg.o
                0x0000000020000008                SystemCoreClock
 .data.impure_data
                0x000000002000000c       0x60 /Applications/Simplicity Studio.app/Contents/Eclipse/developer/toolchains/gnu_arm/7.2_2017q4/bin/../lib/gcc/arm-none-eabi/7.2.1/../../../../arm-none-eabi/lib/thumb/v7-m/libc_nano.a(lib_a-impure.o)
                0x000000002000006c                . = ALIGN (0x4)
                [!provide]                        PROVIDE (__ram_func_section_start, .)
 *(.ram)
                [!provide]                        PROVIDE (__ram_func_section_end, .)
                0x000000002000006c                . = ALIGN (0x4)
                0x000000002000006c                PROVIDE (__preinit_array_start, .)
 *(.preinit_array)
                0x000000002000006c                PROVIDE (__preinit_array_end, .)
                0x000000002000006c                . = ALIGN (0x4)
                0x000000002000006c                PROVIDE (__init_array_start, .)
 *(SORT_BY_NAME(.init_array.*))
 *(.init_array)
 .init_array    0x000000002000006c        0x4 /Applications/Simplicity Studio.app/Contents/Eclipse/developer/toolchains/gnu_arm/7.2_2017q4/bin/../lib/gcc/arm-none-eabi/7.2.1/thumb/v7-m/crtbegin.o
                0x0000000020000070                PROVIDE (__init_array_end, .)
                0x0000000020000070                . = ALIGN (0x4)
                [!provide]                        PROVIDE (__fini_array_start, .)
 *(SORT_BY_NAME(.fini_array.*))
 *(.fini_array)
 .fini_array    0x0000000020000070        0x4 /Applications/Simplicity Studio.app/Contents/Eclipse/developer/toolchains/gnu_arm/7.2_2017q4/bin/../lib/gcc/arm-none-eabi/7.2.1/thumb/v7-m/crtbegin.o
                [!provide]                        PROVIDE (__fini_array_end, .)
 *(.jcr*)
                0x0000000020000074                . = ALIGN (0x4)
                0x0000000020000074                __data_end__ = .

.igot.plt       0x0000000020000074        0x0 load address 0x00000000000017cc
 .igot.plt      0x0000000020000074        0x0 /Applications/Simplicity Studio.app/Contents/Eclipse/developer/toolchains/gnu_arm/7.2_2017q4/bin/../lib/gcc/arm-none-eabi/7.2.1/thumb/v7-m/crtbegin.o

.bss            0x0000000020000074       0x1c load address 0x00000000000017cc
                0x0000000020000074                . = ALIGN (0x4)
                0x0000000020000074                __bss_start__ = .
 *(.bss*)
 .bss           0x0000000020000074       0x1c /Applications/Simplicity Studio.app/Contents/Eclipse/developer/toolchains/gnu_arm/7.2_2017q4/bin/../lib/gcc/arm-none-eabi/7.2.1/thumb/v7-m/crtbegin.o
 *(COMMON)
                0x0000000020000090                . = ALIGN (0x4)
                0x0000000020000090                __bss_end__ = .

.heap           0x0000000020000090      0xc00
                0x0000000020000090                __HeapBase = .
                0x0000000020000090                __end__ = .
                0x0000000020000090                end = __end__
                0x0000000020000090                _end = __end__
 *(.heap*)
 .heap          0x0000000020000090      0xc00 ./CMSIS/EFM32GG/startup_gcc_efm32gg.o
                0x0000000020000c90                __HeapLimit = .

.stack_dummy    0x0000000020000090      0x400
 *(.stack*)
 .stack         0x0000000020000090      0x400 ./CMSIS/EFM32GG/startup_gcc_efm32gg.o
                0x0000000020020000                __StackTop = (ORIGIN (RAM) + LENGTH (RAM))
                0x000000002001fc00                __StackLimit = (__StackTop - SIZEOF (.stack_dummy))
                0x0000000020020000                PROVIDE (__stack, __StackTop)
                0x0000000000000001                ASSERT ((__StackLimit >= __HeapLimit), region RAM overflowed with stack)
                0x0000000000000001                ASSERT ((LENGTH (FLASH) >= (__etext + SIZEOF (.data))), FLASH memory overflowed !)
OUTPUT(temalabor_usart.axf elf32-littlearm)

.ARM.attributes
                0x0000000000000000       0x29
 .ARM.attributes
                0x0000000000000000       0x1d /Applications/Simplicity Studio.app/Contents/Eclipse/developer/toolchains/gnu_arm/7.2_2017q4/bin/../lib/gcc/arm-none-eabi/7.2.1/thumb/v7-m/crti.o
 .ARM.attributes
                0x000000000000001d       0x2d /Applications/Simplicity Studio.app/Contents/Eclipse/developer/toolchains/gnu_arm/7.2_2017q4/bin/../lib/gcc/arm-none-eabi/7.2.1/thumb/v7-m/crtbegin.o
 .ARM.attributes
                0x000000000000004a       0x1b /Applications/Simplicity Studio.app/Contents/Eclipse/developer/toolchains/gnu_arm/7.2_2017q4/bin/../lib/gcc/arm-none-eabi/7.2.1/../../../../arm-none-eabi/lib/thumb/v7-m/crt0.o
 .ARM.attributes
                0x0000000000000065       0x1b ./CMSIS/EFM32GG/startup_gcc_efm32gg.o
 .ARM.attributes
                0x0000000000000080       0x33 ./CMSIS/EFM32GG/system_efm32gg.o
 .ARM.attributes
                0x00000000000000b3       0x33 ./emlib/em_cmu.o
 .ARM.attributes
                0x00000000000000e6       0x33 ./emlib/em_gpio.o
 .ARM.attributes
                0x0000000000000119       0x33 ./emlib/em_system.o
 .ARM.attributes
                0x000000000000014c       0x33 ./emlib/em_usart.o
 .ARM.attributes
                0x000000000000017f       0x33 ./src/main.o
 .ARM.attributes
                0x00000000000001b2       0x33 ./src/motor_vezerles.o
 .ARM.attributes
                0x00000000000001e5       0x2d /Applications/Simplicity Studio.app/Contents/Eclipse/developer/toolchains/gnu_arm/7.2_2017q4/bin/../lib/gcc/arm-none-eabi/7.2.1/../../../../arm-none-eabi/lib/thumb/v7-m/libc_nano.a(lib_a-exit.o)
 .ARM.attributes
                0x0000000000000212       0x2d /Applications/Simplicity Studio.app/Contents/Eclipse/developer/toolchains/gnu_arm/7.2_2017q4/bin/../lib/gcc/arm-none-eabi/7.2.1/../../../../arm-none-eabi/lib/thumb/v7-m/libc_nano.a(lib_a-impure.o)
 .ARM.attributes
                0x000000000000023f       0x2d /Applications/Simplicity Studio.app/Contents/Eclipse/developer/toolchains/gnu_arm/7.2_2017q4/bin/../lib/gcc/arm-none-eabi/7.2.1/../../../../arm-none-eabi/lib/thumb/v7-m/libc_nano.a(lib_a-init.o)
 .ARM.attributes
                0x000000000000026c       0x2d /Applications/Simplicity Studio.app/Contents/Eclipse/developer/toolchains/gnu_arm/7.2_2017q4/bin/../lib/gcc/arm-none-eabi/7.2.1/../../../../arm-none-eabi/lib/thumb/v7-m/libc_nano.a(lib_a-memset.o)
 .ARM.attributes
                0x0000000000000299       0x2d /Applications/Simplicity Studio.app/Contents/Eclipse/developer/toolchains/gnu_arm/7.2_2017q4/bin/../lib/gcc/arm-none-eabi/7.2.1/../../../../arm-none-eabi/lib/thumb/v7-m/libnosys.a(_exit.o)
 .ARM.attributes
                0x00000000000002c6       0x2d /Applications/Simplicity Studio.app/Contents/Eclipse/developer/toolchains/gnu_arm/7.2_2017q4/bin/../lib/gcc/arm-none-eabi/7.2.1/thumb/v7-m/crtend.o
 .ARM.attributes
                0x00000000000002f3       0x1d /Applications/Simplicity Studio.app/Contents/Eclipse/developer/toolchains/gnu_arm/7.2_2017q4/bin/../lib/gcc/arm-none-eabi/7.2.1/thumb/v7-m/crtn.o

.comment        0x0000000000000000       0x7e
 .comment       0x0000000000000000       0x7e ./CMSIS/EFM32GG/system_efm32gg.o
                                         0x7f (size before relaxing)
 .comment       0x000000000000007e       0x7f ./emlib/em_cmu.o
 .comment       0x000000000000007e       0x7f ./emlib/em_gpio.o
 .comment       0x000000000000007e       0x7f ./emlib/em_system.o
 .comment       0x000000000000007e       0x7f ./emlib/em_usart.o
 .comment       0x000000000000007e       0x7f ./src/main.o
 .comment       0x000000000000007e       0x7f ./src/motor_vezerles.o

.debug_line     0x0000000000000000     0x4eac
 .debug_line    0x0000000000000000       0x72 ./CMSIS/EFM32GG/startup_gcc_efm32gg.o
 .debug_line    0x0000000000000072      0x8a3 ./CMSIS/EFM32GG/system_efm32gg.o
 .debug_line    0x0000000000000915     0x113e ./emlib/em_cmu.o
 .debug_line    0x0000000000001a53      0xa38 ./emlib/em_gpio.o
 .debug_line    0x000000000000248b      0x890 ./emlib/em_system.o
 .debug_line    0x0000000000002d1b      0xbff ./emlib/em_usart.o
 .debug_line    0x000000000000391a      0xbe5 ./src/main.o
 .debug_line    0x00000000000044ff      0x9ad ./src/motor_vezerles.o

.debug_info     0x0000000000000000     0x5086
 .debug_info    0x0000000000000000       0x26 ./CMSIS/EFM32GG/startup_gcc_efm32gg.o
 .debug_info    0x0000000000000026      0x7a7 ./CMSIS/EFM32GG/system_efm32gg.o
 .debug_info    0x00000000000007cd     0x1624 ./emlib/em_cmu.o
 .debug_info    0x0000000000001df1      0x6f4 ./emlib/em_gpio.o
 .debug_info    0x00000000000024e5      0x2d6 ./emlib/em_system.o
 .debug_info    0x00000000000027bb      0xf50 ./emlib/em_usart.o
 .debug_info    0x000000000000370b     0x1510 ./src/main.o
 .debug_info    0x0000000000004c1b      0x46b ./src/motor_vezerles.o

.debug_abbrev   0x0000000000000000      0xe89
 .debug_abbrev  0x0000000000000000       0x14 ./CMSIS/EFM32GG/startup_gcc_efm32gg.o
 .debug_abbrev  0x0000000000000014      0x1eb ./CMSIS/EFM32GG/system_efm32gg.o
 .debug_abbrev  0x00000000000001ff      0x307 ./emlib/em_cmu.o
 .debug_abbrev  0x0000000000000506      0x21d ./emlib/em_gpio.o
 .debug_abbrev  0x0000000000000723      0x153 ./emlib/em_system.o
 .debug_abbrev  0x0000000000000876      0x230 ./emlib/em_usart.o
 .debug_abbrev  0x0000000000000aa6      0x26c ./src/main.o
 .debug_abbrev  0x0000000000000d12      0x177 ./src/motor_vezerles.o

.debug_aranges  0x0000000000000000      0x428
 .debug_aranges
                0x0000000000000000       0x20 ./CMSIS/EFM32GG/startup_gcc_efm32gg.o
 .debug_aranges
                0x0000000000000020       0x70 ./CMSIS/EFM32GG/system_efm32gg.o
 .debug_aranges
                0x0000000000000090      0x180 ./emlib/em_cmu.o
 .debug_aranges
                0x0000000000000210       0x78 ./emlib/em_gpio.o
 .debug_aranges
                0x0000000000000288       0x28 ./emlib/em_system.o
 .debug_aranges
                0x00000000000002b0       0xd0 ./emlib/em_usart.o
 .debug_aranges
                0x0000000000000380       0x38 ./src/main.o
 .debug_aranges
                0x00000000000003b8       0x70 ./src/motor_vezerles.o

.debug_str      0x0000000000000000    0xda6aa
 .debug_str     0x0000000000000000       0x91 ./CMSIS/EFM32GG/startup_gcc_efm32gg.o
 .debug_str     0x0000000000000091    0xd2816 ./CMSIS/EFM32GG/system_efm32gg.o
                                      0xd2e9d (size before relaxing)
 .debug_str     0x00000000000d28a7     0x3f1a ./emlib/em_cmu.o
                                      0xd6cd9 (size before relaxing)
 .debug_str     0x00000000000d67c1      0x442 ./emlib/em_gpio.o
                                      0xd36d1 (size before relaxing)
 .debug_str     0x00000000000d6c03       0xac ./emlib/em_system.o
                                      0xd2f66 (size before relaxing)
 .debug_str     0x00000000000d6caf      0xd85 ./emlib/em_usart.o
                                      0xd5034 (size before relaxing)
 .debug_str     0x00000000000d7a34     0x2c04 ./src/main.o
                                      0xd92df (size before relaxing)
 .debug_str     0x00000000000da638       0x72 ./src/motor_vezerles.o
                                      0xd465c (size before relaxing)

.debug_loc      0x0000000000000000     0x2186
 .debug_loc     0x0000000000000000      0x31c ./CMSIS/EFM32GG/system_efm32gg.o
 .debug_loc     0x000000000000031c      0xe4c ./emlib/em_cmu.o
 .debug_loc     0x0000000000001168      0x420 ./emlib/em_gpio.o
 .debug_loc     0x0000000000001588       0xb8 ./emlib/em_system.o
 .debug_loc     0x0000000000001640      0x7da ./emlib/em_usart.o
 .debug_loc     0x0000000000001e1a      0x128 ./src/main.o
 .debug_loc     0x0000000000001f42      0x244 ./src/motor_vezerles.o

.debug_ranges   0x0000000000000000      0x398
 .debug_ranges  0x0000000000000000       0x60 ./CMSIS/EFM32GG/system_efm32gg.o
 .debug_ranges  0x0000000000000060      0x170 ./emlib/em_cmu.o
 .debug_ranges  0x00000000000001d0       0x68 ./emlib/em_gpio.o
 .debug_ranges  0x0000000000000238       0x18 ./emlib/em_system.o
 .debug_ranges  0x0000000000000250       0xc0 ./emlib/em_usart.o
 .debug_ranges  0x0000000000000310       0x28 ./src/main.o
 .debug_ranges  0x0000000000000338       0x60 ./src/motor_vezerles.o

.debug_macro    0x0000000000000000    0x24df3
 .debug_macro   0x0000000000000000      0x28e ./CMSIS/EFM32GG/system_efm32gg.o
 .debug_macro   0x000000000000028e      0xa48 ./CMSIS/EFM32GG/system_efm32gg.o
 .debug_macro   0x0000000000000cd6       0x22 ./CMSIS/EFM32GG/system_efm32gg.o
 .debug_macro   0x0000000000000cf8       0x4f ./CMSIS/EFM32GG/system_efm32gg.o
 .debug_macro   0x0000000000000d47       0x51 ./CMSIS/EFM32GG/system_efm32gg.o
 .debug_macro   0x0000000000000d98       0xef ./CMSIS/EFM32GG/system_efm32gg.o
 .debug_macro   0x0000000000000e87       0x6a ./CMSIS/EFM32GG/system_efm32gg.o
 .debug_macro   0x0000000000000ef1      0x1df ./CMSIS/EFM32GG/system_efm32gg.o
 .debug_macro   0x00000000000010d0      0x39b ./CMSIS/EFM32GG/system_efm32gg.o
 .debug_macro   0x000000000000146b       0x1c ./CMSIS/EFM32GG/system_efm32gg.o
 .debug_macro   0x0000000000001487       0x22 ./CMSIS/EFM32GG/system_efm32gg.o
 .debug_macro   0x00000000000014a9       0xc3 ./CMSIS/EFM32GG/system_efm32gg.o
 .debug_macro   0x000000000000156c      0xe18 ./CMSIS/EFM32GG/system_efm32gg.o
 .debug_macro   0x0000000000002384       0xe2 ./CMSIS/EFM32GG/system_efm32gg.o
 .debug_macro   0x0000000000002466     0x2869 ./CMSIS/EFM32GG/system_efm32gg.o
 .debug_macro   0x0000000000004ccf      0x39e ./CMSIS/EFM32GG/system_efm32gg.o
 .debug_macro   0x000000000000506d     0x3f12 ./CMSIS/EFM32GG/system_efm32gg.o
 .debug_macro   0x0000000000008f7f      0x9a4 ./CMSIS/EFM32GG/system_efm32gg.o
 .debug_macro   0x0000000000009923      0x6eb ./CMSIS/EFM32GG/system_efm32gg.o
 .debug_macro   0x000000000000a00e      0x283 ./CMSIS/EFM32GG/system_efm32gg.o
 .debug_macro   0x000000000000a291     0x1e37 ./CMSIS/EFM32GG/system_efm32gg.o
 .debug_macro   0x000000000000c0c8     0x30cb ./CMSIS/EFM32GG/system_efm32gg.o
 .debug_macro   0x000000000000f193      0x37f ./CMSIS/EFM32GG/system_efm32gg.o
 .debug_macro   0x000000000000f512      0x855 ./CMSIS/EFM32GG/system_efm32gg.o
 .debug_macro   0x000000000000fd67     0x230f ./CMSIS/EFM32GG/system_efm32gg.o
 .debug_macro   0x0000000000012076     0x1bf6 ./CMSIS/EFM32GG/system_efm32gg.o
 .debug_macro   0x0000000000013c6c     0x1709 ./CMSIS/EFM32GG/system_efm32gg.o
 .debug_macro   0x0000000000015375      0x6d8 ./CMSIS/EFM32GG/system_efm32gg.o
 .debug_macro   0x0000000000015a4d     0x106a ./CMSIS/EFM32GG/system_efm32gg.o
 .debug_macro   0x0000000000016ab7     0x1d83 ./CMSIS/EFM32GG/system_efm32gg.o
 .debug_macro   0x000000000001883a      0x33d ./CMSIS/EFM32GG/system_efm32gg.o
 .debug_macro   0x0000000000018b77      0xa66 ./CMSIS/EFM32GG/system_efm32gg.o
 .debug_macro   0x00000000000195dd      0xfe0 ./CMSIS/EFM32GG/system_efm32gg.o
 .debug_macro   0x000000000001a5bd      0x894 ./CMSIS/EFM32GG/system_efm32gg.o
 .debug_macro   0x000000000001ae51      0xf85 ./CMSIS/EFM32GG/system_efm32gg.o
 .debug_macro   0x000000000001bdd6     0x12a5 ./CMSIS/EFM32GG/system_efm32gg.o
 .debug_macro   0x000000000001d07b      0xc4a ./CMSIS/EFM32GG/system_efm32gg.o
 .debug_macro   0x000000000001dcc5      0x74d ./CMSIS/EFM32GG/system_efm32gg.o
 .debug_macro   0x000000000001e412      0x1c9 ./CMSIS/EFM32GG/system_efm32gg.o
 .debug_macro   0x000000000001e5db     0x1041 ./CMSIS/EFM32GG/system_efm32gg.o
 .debug_macro   0x000000000001f61c      0x280 ./CMSIS/EFM32GG/system_efm32gg.o
 .debug_macro   0x000000000001f89c       0x40 ./CMSIS/EFM32GG/system_efm32gg.o
 .debug_macro   0x000000000001f8dc      0x250 ./CMSIS/EFM32GG/system_efm32gg.o
 .debug_macro   0x000000000001fb2c      0x1f0 ./CMSIS/EFM32GG/system_efm32gg.o
 .debug_macro   0x000000000001fd1c      0x166 ./CMSIS/EFM32GG/system_efm32gg.o
 .debug_macro   0x000000000001fe82      0x252 ./CMSIS/EFM32GG/system_efm32gg.o
 .debug_macro   0x00000000000200d4     0x1bd7 ./CMSIS/EFM32GG/system_efm32gg.o
 .debug_macro   0x0000000000021cab       0x2e ./CMSIS/EFM32GG/system_efm32gg.o
 .debug_macro   0x0000000000021cd9      0x427 ./CMSIS/EFM32GG/system_efm32gg.o
 .debug_macro   0x0000000000022100      0x427 ./CMSIS/EFM32GG/system_efm32gg.o
 .debug_macro   0x0000000000022527      0x367 ./emlib/em_cmu.o
 .debug_macro   0x000000000002288e       0x22 ./emlib/em_cmu.o
 .debug_macro   0x00000000000228b0       0x10 ./emlib/em_cmu.o
 .debug_macro   0x00000000000228c0       0xcc ./emlib/em_cmu.o
 .debug_macro   0x000000000002298c       0x69 ./emlib/em_cmu.o
 .debug_macro   0x00000000000229f5      0x33e ./emlib/em_cmu.o
 .debug_macro   0x0000000000022d33      0x16d ./emlib/em_cmu.o
 .debug_macro   0x0000000000022ea0       0x58 ./emlib/em_cmu.o
 .debug_macro   0x0000000000022ef8      0x34d ./emlib/em_cmu.o
 .debug_macro   0x0000000000023245       0x25 ./emlib/em_cmu.o
 .debug_macro   0x000000000002326a       0xee ./emlib/em_cmu.o
 .debug_macro   0x0000000000023358       0x1f ./emlib/em_cmu.o
 .debug_macro   0x0000000000023377      0x2a7 ./emlib/em_gpio.o
 .debug_macro   0x000000000002361e       0xc6 ./emlib/em_gpio.o
 .debug_macro   0x00000000000236e4      0x295 ./emlib/em_system.o
 .debug_macro   0x0000000000023979      0x2eb ./emlib/em_usart.o
 .debug_macro   0x0000000000023c64       0xeb ./emlib/em_usart.o
 .debug_macro   0x0000000000023d4f      0x41d ./src/main.o
 .debug_macro   0x000000000002416c       0x17 ./src/main.o
 .debug_macro   0x0000000000024183       0x35 ./src/main.o
 .debug_macro   0x00000000000241b8       0x9c ./src/main.o
 .debug_macro   0x0000000000024254       0x16 ./src/main.o
 .debug_macro   0x000000000002426a       0x97 ./src/main.o
 .debug_macro   0x0000000000024301       0xf6 ./src/main.o
 .debug_macro   0x00000000000243f7       0x10 ./src/main.o
 .debug_macro   0x0000000000024407       0x58 ./src/main.o
 .debug_macro   0x000000000002445f       0x1f ./src/main.o
 .debug_macro   0x000000000002447e       0x43 ./src/main.o
 .debug_macro   0x00000000000244c1       0x20 ./src/main.o
 .debug_macro   0x00000000000244e1      0x18e ./src/main.o
 .debug_macro   0x000000000002466f       0x10 ./src/main.o
 .debug_macro   0x000000000002467f       0xb6 ./src/main.o
 .debug_macro   0x0000000000024735       0x16 ./src/main.o
 .debug_macro   0x000000000002474b      0x129 ./src/main.o
 .debug_macro   0x0000000000024874       0xf1 ./src/main.o
 .debug_macro   0x0000000000024965       0xb2 ./src/main.o
 .debug_macro   0x0000000000024a17       0x76 ./src/main.o
 .debug_macro   0x0000000000024a8d       0x3a ./src/main.o
 .debug_macro   0x0000000000024ac7       0x58 ./src/main.o
 .debug_macro   0x0000000000024b1f      0x2d4 ./src/motor_vezerles.o

.debug_frame    0x0000000000000000     0x1068
 .debug_frame   0x0000000000000000      0x180 ./CMSIS/EFM32GG/system_efm32gg.o
 .debug_frame   0x0000000000000180      0x690 ./emlib/em_cmu.o
 .debug_frame   0x0000000000000810      0x1e0 ./emlib/em_gpio.o
 .debug_frame   0x00000000000009f0       0x60 ./emlib/em_system.o
 .debug_frame   0x0000000000000a50      0x388 ./emlib/em_usart.o
 .debug_frame   0x0000000000000dd8       0xa0 ./src/main.o
 .debug_frame   0x0000000000000e78      0x15c ./src/motor_vezerles.o
 .debug_frame   0x0000000000000fd4       0x28 /Applications/Simplicity Studio.app/Contents/Eclipse/developer/toolchains/gnu_arm/7.2_2017q4/bin/../lib/gcc/arm-none-eabi/7.2.1/../../../../arm-none-eabi/lib/thumb/v7-m/libc_nano.a(lib_a-exit.o)
 .debug_frame   0x0000000000000ffc       0x2c /Applications/Simplicity Studio.app/Contents/Eclipse/developer/toolchains/gnu_arm/7.2_2017q4/bin/../lib/gcc/arm-none-eabi/7.2.1/../../../../arm-none-eabi/lib/thumb/v7-m/libc_nano.a(lib_a-init.o)
 .debug_frame   0x0000000000001028       0x20 /Applications/Simplicity Studio.app/Contents/Eclipse/developer/toolchains/gnu_arm/7.2_2017q4/bin/../lib/gcc/arm-none-eabi/7.2.1/../../../../arm-none-eabi/lib/thumb/v7-m/libc_nano.a(lib_a-memset.o)
 .debug_frame   0x0000000000001048       0x20 /Applications/Simplicity Studio.app/Contents/Eclipse/developer/toolchains/gnu_arm/7.2_2017q4/bin/../lib/gcc/arm-none-eabi/7.2.1/../../../../arm-none-eabi/lib/thumb/v7-m/libnosys.a(_exit.o)
